INFO 2026-07-07 21:27:23,306 autoreload 12292 14908 Watching for file changes with StatReloader
INFO 2026-07-07 21:32:35,790 autoreload 12292 14908 D:\LJ_Sem4\Project\core\settings.py changed, reloading.
INFO 2026-07-07 21:32:37,748 autoreload 18040 23428 Watching for file changes with StatReloader
INFO 2026-07-07 21:36:32,434 autoreload 18040 23428 D:\LJ_Sem4\Project\core\settings.py changed, reloading.
INFO 2026-07-07 21:36:34,267 autoreload 22952 9936 Watching for file changes with StatReloader
WARNING 2026-07-07 21:36:37,075 log 22952 18512 Not Found: /
WARNING 2026-07-07 21:36:37,076 log 22952 18512 "GET / HTTP/1.1" 404 179
INFO 2026-07-07 21:52:49,398 autoreload 22952 9936 D:\LJ_Sem4\Project\core\settings.py changed, reloading.
INFO 2026-07-07 21:52:51,156 autoreload 22628 22828 Watching for file changes with StatReloader
INFO 2026-07-07 22:36:39,691 autoreload 1156 16300 Watching for file changes with StatReloader
WARNING 2026-07-07 22:36:42,643 log 1156 21776 Not Found: /
WARNING 2026-07-07 22:36:42,645 log 1156 21776 "GET / HTTP/1.1" 404 179
INFO 2026-07-08 22:20:56,303 autoreload 7772 21572 Watching for file changes with StatReloader
WARNING 2026-07-08 22:20:59,581 log 7772 22496 Not Found: /
WARNING 2026-07-08 22:20:59,581 log 7772 22496 "GET / HTTP/1.1" 404 179
WARNING 2026-07-08 22:20:59,705 log 7772 22496 Not Found: /favicon.ico
WARNING 2026-07-08 22:20:59,706 log 7772 22496 "GET /favicon.ico HTTP/1.1" 404 179
INFO 2026-07-08 22:21:51,059 log 7772 22496 "GET /admin HTTP/1.1" 301 0
INFO 2026-07-08 22:21:51,079 log 7772 22496 "GET /admin/ HTTP/1.1" 302 0
INFO 2026-07-08 22:21:51,323 log 7772 22496 "GET /admin/login/?next=/admin/ HTTP/1.1" 200 4085
WARNING 2026-07-08 22:21:51,380 log 7772 22496 Not Found: /static/admin/css/base.css
WARNING 2026-07-08 22:21:51,386 log 7772 10656 Not Found: /static/admin/css/dark_mode.css
WARNING 2026-07-08 22:21:51,387 log 7772 22496 "GET /static/admin/css/base.css HTTP/1.1" 404 179
WARNING 2026-07-08 22:21:51,389 log 7772 2828 Not Found: /static/admin/js/theme.js
WARNING 2026-07-08 22:21:51,390 log 7772 10656 "GET /static/admin/css/dark_mode.css HTTP/1.1" 404 179
WARNING 2026-07-08 22:21:51,392 log 7772 22424 Not Found: /static/admin/css/nav_sidebar.css
INFO 2026-07-08 22:21:51,393 basehttp 7772 10656 - Broken pipe from ('127.0.0.1', 53274)
WARNING 2026-07-08 22:21:51,393 log 7772 2828 "GET /static/admin/js/theme.js HTTP/1.1" 404 179
WARNING 2026-07-08 22:21:51,395 log 7772 22192 Not Found: /static/admin/css/login.css
WARNING 2026-07-08 22:21:51,397 log 7772 22424 "GET /static/admin/css/nav_sidebar.css HTTP/1.1" 404 179
WARNING 2026-07-08 22:21:51,398 log 7772 10828 Not Found: /static/admin/css/responsive.css
WARNING 2026-07-08 22:21:51,399 log 7772 22192 "GET /static/admin/css/login.css HTTP/1.1" 404 179
WARNING 2026-07-08 22:21:51,399 log 7772 10828 "GET /static/admin/css/responsive.css HTTP/1.1" 404 179
WARNING 2026-07-08 22:21:51,401 log 7772 22424 Not Found: /static/admin/js/nav_sidebar.js
WARNING 2026-07-08 22:21:51,402 log 7772 22424 "GET /static/admin/js/nav_sidebar.js HTTP/1.1" 404 179
INFO 2026-07-08 22:22:04,415 log 7772 5308 "GET /admin/ HTTP/1.1" 302 0
INFO 2026-07-08 22:22:04,434 log 7772 5308 "GET /admin/login/?next=/admin/ HTTP/1.1" 200 4085
WARNING 2026-07-08 22:22:04,494 log 7772 5308 Not Found: /static/admin/css/dark_mode.css
WARNING 2026-07-08 22:22:04,496 log 7772 16564 Not Found: /static/admin/css/base.css
WARNING 2026-07-08 22:22:04,497 log 7772 22212 Not Found: /static/admin/css/nav_sidebar.css
WARNING 2026-07-08 22:22:04,497 log 7772 5308 "GET /static/admin/css/dark_mode.css HTTP/1.1" 404 179
WARNING 2026-07-08 22:22:04,499 log 7772 8052 Not Found: /static/admin/css/login.css
WARNING 2026-07-08 22:22:04,499 log 7772 16564 "GET /static/admin/css/base.css HTTP/1.1" 404 179
WARNING 2026-07-08 22:22:04,500 log 7772 22212 "GET /static/admin/css/nav_sidebar.css HTTP/1.1" 404 179
WARNING 2026-07-08 22:22:04,501 log 7772 6504 Not Found: /static/admin/css/responsive.css
WARNING 2026-07-08 22:22:04,502 log 7772 8052 "GET /static/admin/css/login.css HTTP/1.1" 404 179
WARNING 2026-07-08 22:22:04,503 log 7772 19608 Not Found: /static/admin/js/theme.js
WARNING 2026-07-08 22:22:04,504 log 7772 6504 "GET /static/admin/css/responsive.css HTTP/1.1" 404 179
WARNING 2026-07-08 22:22:04,505 log 7772 19608 "GET /static/admin/js/theme.js HTTP/1.1" 404 179
WARNING 2026-07-08 22:22:04,511 log 7772 19608 Not Found: /static/admin/js/nav_sidebar.js
WARNING 2026-07-08 22:22:04,512 log 7772 19608 "GET /static/admin/js/nav_sidebar.js HTTP/1.1" 404 179
WARNING 2026-07-08 22:22:04,515 log 7772 6504 Not Found: /static/admin/css/nav_sidebar.css
WARNING 2026-07-08 22:22:04,516 log 7772 19608 Not Found: /static/admin/css/login.css
WARNING 2026-07-08 22:22:04,516 log 7772 8052 Not Found: /static/admin/css/responsive.css
WARNING 2026-07-08 22:22:04,517 log 7772 19608 "GET /static/admin/css/login.css HTTP/1.1" 404 179
WARNING 2026-07-08 22:22:04,517 log 7772 6504 "GET /static/admin/css/nav_sidebar.css HTTP/1.1" 404 179
WARNING 2026-07-08 22:22:04,517 log 7772 8052 "GET /static/admin/css/responsive.css HTTP/1.1" 404 179
INFO 2026-07-08 22:22:49,282 log 7772 8052 "POST /admin/login/?next=/admin/ HTTP/1.1" 302 0
INFO 2026-07-08 22:22:49,375 log 7772 8052 "GET /admin/ HTTP/1.1" 200 6511
WARNING 2026-07-08 22:22:49,420 log 7772 8052 Not Found: /static/admin/css/base.css
WARNING 2026-07-08 22:22:49,422 log 7772 6504 Not Found: /static/admin/css/dark_mode.css
WARNING 2026-07-08 22:22:49,423 log 7772 16564 Not Found: /static/admin/css/dashboard.css
WARNING 2026-07-08 22:22:49,424 log 7772 19608 Not Found: /static/admin/js/theme.js
WARNING 2026-07-08 22:22:49,424 log 7772 22212 Not Found: /static/admin/css/nav_sidebar.css
WARNING 2026-07-08 22:22:49,425 log 7772 5308 Not Found: /static/admin/css/responsive.css
WARNING 2026-07-08 22:22:49,426 log 7772 8052 "GET /static/admin/css/base.css HTTP/1.1" 404 179
WARNING 2026-07-08 22:22:49,426 log 7772 16564 "GET /static/admin/css/dashboard.css HTTP/1.1" 404 179
WARNING 2026-07-08 22:22:49,426 log 7772 6504 "GET /static/admin/css/dark_mode.css HTTP/1.1" 404 179
WARNING 2026-07-08 22:22:49,427 log 7772 19608 "GET /static/admin/js/theme.js HTTP/1.1" 404 179
WARNING 2026-07-08 22:22:49,427 log 7772 22212 "GET /static/admin/css/nav_sidebar.css HTTP/1.1" 404 179
WARNING 2026-07-08 22:22:49,428 log 7772 5308 "GET /static/admin/css/responsive.css HTTP/1.1" 404 179
WARNING 2026-07-08 22:22:49,435 log 7772 22212 Not Found: /static/admin/js/nav_sidebar.js
WARNING 2026-07-08 22:22:49,436 log 7772 5308 Not Found: /static/admin/css/nav_sidebar.css
WARNING 2026-07-08 22:22:49,437 log 7772 6504 Not Found: /static/admin/css/responsive.css
WARNING 2026-07-08 22:22:49,438 log 7772 19608 Not Found: /static/admin/css/dashboard.css
WARNING 2026-07-08 22:22:49,438 log 7772 22212 "GET /static/admin/js/nav_sidebar.js HTTP/1.1" 404 179
WARNING 2026-07-08 22:22:49,439 log 7772 5308 "GET /static/admin/css/nav_sidebar.css HTTP/1.1" 404 179
WARNING 2026-07-08 22:22:49,439 log 7772 19608 "GET /static/admin/css/dashboard.css HTTP/1.1" 404 179
WARNING 2026-07-08 22:22:49,440 log 7772 6504 "GET /static/admin/css/responsive.css HTTP/1.1" 404 179
INFO 2026-07-08 22:23:33,807 log 7772 3060 "GET /admin/ HTTP/1.1" 302 0
INFO 2026-07-08 22:23:33,817 log 7772 3060 "GET /admin/login/?next=/admin/ HTTP/1.1" 200 4085
WARNING 2026-07-08 22:23:33,860 log 7772 3060 Not Found: /static/admin/css/base.css
WARNING 2026-07-08 22:23:33,861 log 7772 6088 Not Found: /static/admin/css/dark_mode.css
WARNING 2026-07-08 22:23:33,866 log 7772 3060 "GET /static/admin/css/base.css HTTP/1.1" 404 179
WARNING 2026-07-08 22:23:33,867 log 7772 14620 Not Found: /static/admin/css/nav_sidebar.css
WARNING 2026-07-08 22:23:33,872 log 7772 6088 "GET /static/admin/css/dark_mode.css HTTP/1.1" 404 179
WARNING 2026-07-08 22:23:33,874 log 7772 13828 Not Found: /static/admin/css/login.css
WARNING 2026-07-08 22:23:33,876 log 7772 14620 "GET /static/admin/css/nav_sidebar.css HTTP/1.1" 404 179
WARNING 2026-07-08 22:23:33,879 log 7772 13828 "GET /static/admin/css/login.css HTTP/1.1" 404 179
WARNING 2026-07-08 22:23:33,912 log 7772 20732 Not Found: /static/admin/css/responsive.css
WARNING 2026-07-08 22:23:33,922 log 7772 16720 Not Found: /static/admin/js/theme.js
WARNING 2026-07-08 22:23:33,923 log 7772 20732 "GET /static/admin/css/responsive.css HTTP/1.1" 404 179
WARNING 2026-07-08 22:23:33,928 log 7772 16720 "GET /static/admin/js/theme.js HTTP/1.1" 404 179
WARNING 2026-07-08 22:23:33,936 log 7772 13828 Not Found: /static/admin/css/responsive.css
WARNING 2026-07-08 22:23:33,945 log 7772 20732 Not Found: /static/admin/js/nav_sidebar.js
WARNING 2026-07-08 22:23:33,946 log 7772 14620 Not Found: /static/admin/css/login.css
WARNING 2026-07-08 22:23:33,948 log 7772 16720 Not Found: /static/admin/css/nav_sidebar.css
WARNING 2026-07-08 22:23:33,948 log 7772 13828 "GET /static/admin/css/responsive.css HTTP/1.1" 404 179
WARNING 2026-07-08 22:23:33,949 log 7772 20732 "GET /static/admin/js/nav_sidebar.js HTTP/1.1" 404 179
WARNING 2026-07-08 22:23:33,949 log 7772 14620 "GET /static/admin/css/login.css HTTP/1.1" 404 179
WARNING 2026-07-08 22:23:33,950 log 7772 16720 "GET /static/admin/css/nav_sidebar.css HTTP/1.1" 404 179
WARNING 2026-07-08 22:23:33,999 log 7772 16720 Not Found: /favicon.ico
WARNING 2026-07-08 22:23:33,999 log 7772 16720 "GET /favicon.ico HTTP/1.1" 404 179
INFO 2026-07-08 22:24:10,477 log 7772 16720 "GET /admin/ HTTP/1.1" 302 0
INFO 2026-07-08 22:24:10,487 log 7772 16720 "GET /admin/login/?next=/admin/ HTTP/1.1" 200 4085
WARNING 2026-07-08 22:24:10,534 log 7772 16720 Not Found: /static/admin/css/base.css
WARNING 2026-07-08 22:24:10,535 log 7772 16720 "GET /static/admin/css/base.css HTTP/1.1" 404 179
WARNING 2026-07-08 22:24:10,539 log 7772 14620 Not Found: /static/admin/css/dark_mode.css
WARNING 2026-07-08 22:24:10,540 log 7772 20732 Not Found: /static/admin/js/theme.js
WARNING 2026-07-08 22:24:10,541 log 7772 16720 Not Found: /static/admin/css/nav_sidebar.css
WARNING 2026-07-08 22:24:10,542 log 7772 13828 Not Found: /static/admin/css/login.css
WARNING 2026-07-08 22:24:10,543 log 7772 6088 Not Found: /static/admin/css/responsive.css
WARNING 2026-07-08 22:24:10,545 log 7772 20732 "GET /static/admin/js/theme.js HTTP/1.1" 404 179
WARNING 2026-07-08 22:24:10,545 log 7772 14620 "GET /static/admin/css/dark_mode.css HTTP/1.1" 404 179
WARNING 2026-07-08 22:24:10,545 log 7772 13828 "GET /static/admin/css/login.css HTTP/1.1" 404 179
WARNING 2026-07-08 22:24:10,545 log 7772 6088 "GET /static/admin/css/responsive.css HTTP/1.1" 404 179
WARNING 2026-07-08 22:24:10,545 log 7772 16720 "GET /static/admin/css/nav_sidebar.css HTTP/1.1" 404 179
WARNING 2026-07-08 22:24:10,554 log 7772 6088 Not Found: /static/admin/css/nav_sidebar.css
WARNING 2026-07-08 22:24:10,556 log 7772 16720 Not Found: /static/admin/js/nav_sidebar.js
WARNING 2026-07-08 22:24:10,557 log 7772 14620 Not Found: /static/admin/css/responsive.css
WARNING 2026-07-08 22:24:10,558 log 7772 13828 Not Found: /static/admin/css/login.css
WARNING 2026-07-08 22:24:10,559 log 7772 6088 "GET /static/admin/css/nav_sidebar.css HTTP/1.1" 404 179
WARNING 2026-07-08 22:24:10,560 log 7772 16720 "GET /static/admin/js/nav_sidebar.js HTTP/1.1" 404 179
WARNING 2026-07-08 22:24:10,560 log 7772 14620 "GET /static/admin/css/responsive.css HTTP/1.1" 404 179
WARNING 2026-07-08 22:24:10,561 log 7772 13828 "GET /static/admin/css/login.css HTTP/1.1" 404 179
INFO 2026-07-08 22:24:37,919 log 7772 12900 "GET /admin/login/?next=/admin/ HTTP/1.1" 200 4085
WARNING 2026-07-08 22:24:38,297 log 7772 12900 Not Found: /favicon.ico
WARNING 2026-07-08 22:24:38,303 log 7772 12900 "GET /favicon.ico HTTP/1.1" 404 179
WARNING 2026-07-08 22:25:32,425 log 7772 6504 Not Found: /api/v1/auth/register/
WARNING 2026-07-08 22:25:32,427 log 7772 6504 "GET /api/v1/auth/register/ HTTP/1.1" 404 179
INFO 2026-07-08 22:26:03,223 log 7772 6504 "GET /api/docs HTTP/1.1" 301 0
INFO 2026-07-08 22:26:03,315 log 7772 6504 "GET /api/docs/ HTTP/1.1" 200 4652
INFO 2026-07-08 22:26:09,440 log 7772 6504 "GET /api/schema/ HTTP/1.1" 200 32507
INFO 2026-07-08 22:31:34,973 log 7772 20908 "GET /api/schema HTTP/1.1" 301 0
INFO 2026-07-08 22:31:35,033 log 7772 20908 "GET /api/schema/ HTTP/1.1" 200 15515
INFO 2026-07-08 22:31:51,871 log 7772 20908 "GET /api/schema/ HTTP/1.1" 200 15515
INFO 2026-07-08 22:33:19,203 log 7772 20908 "GET /admin/ HTTP/1.1" 200 6511
WARNING 2026-07-08 22:33:19,246 log 7772 20908 Not Found: /static/admin/css/base.css
WARNING 2026-07-08 22:33:19,248 log 7772 22808 Not Found: /static/admin/css/dark_mode.css
WARNING 2026-07-08 22:33:19,249 log 7772 23544 Not Found: /static/admin/css/nav_sidebar.css
WARNING 2026-07-08 22:33:19,250 log 7772 20908 "GET /static/admin/css/base.css HTTP/1.1" 404 179
WARNING 2026-07-08 22:33:19,252 log 7772 17128 Not Found: /static/admin/css/dashboard.css
WARNING 2026-07-08 22:33:19,253 log 7772 23544 "GET /static/admin/css/nav_sidebar.css HTTP/1.1" 404 179
WARNING 2026-07-08 22:33:19,253 log 7772 22808 "GET /static/admin/css/dark_mode.css HTTP/1.1" 404 179
WARNING 2026-07-08 22:33:19,254 log 7772 11608 Not Found: /static/admin/js/theme.js
WARNING 2026-07-08 22:33:19,255 log 7772 17128 "GET /static/admin/css/dashboard.css HTTP/1.1" 404 179
WARNING 2026-07-08 22:33:19,257 log 7772 1748 Not Found: /static/admin/css/responsive.css
WARNING 2026-07-08 22:33:19,257 log 7772 11608 "GET /static/admin/js/theme.js HTTP/1.1" 404 179
WARNING 2026-07-08 22:33:19,258 log 7772 1748 "GET /static/admin/css/responsive.css HTTP/1.1" 404 179
WARNING 2026-07-08 22:33:19,266 log 7772 1748 Not Found: /static/admin/js/nav_sidebar.js
WARNING 2026-07-08 22:33:19,267 log 7772 17128 Not Found: /static/admin/css/dashboard.css
WARNING 2026-07-08 22:33:19,267 log 7772 23544 Not Found: /static/admin/css/responsive.css
WARNING 2026-07-08 22:33:19,268 log 7772 11608 Not Found: /static/admin/css/nav_sidebar.css
WARNING 2026-07-08 22:33:19,269 log 7772 1748 "GET /static/admin/js/nav_sidebar.js HTTP/1.1" 404 179
WARNING 2026-07-08 22:33:19,269 log 7772 23544 "GET /static/admin/css/responsive.css HTTP/1.1" 404 179
WARNING 2026-07-08 22:33:19,269 log 7772 17128 "GET /static/admin/css/dashboard.css HTTP/1.1" 404 179
WARNING 2026-07-08 22:33:19,270 log 7772 11608 "GET /static/admin/css/nav_sidebar.css HTTP/1.1" 404 179
INFO 2026-07-08 22:33:47,923 log 7772 11608 "GET /api/docs/ HTTP/1.1" 200 4652
INFO 2026-07-08 22:33:48,137 log 7772 11608 "GET /api/schema/ HTTP/1.1" 200 32507
INFO 2026-07-08 22:33:54,605 log 7772 11608 "GET /api/docs/ HTTP/1.1" 200 4652
INFO 2026-07-08 22:33:54,677 log 7772 11608 "GET /api/schema/ HTTP/1.1" 200 32507
INFO 2026-07-08 22:35:51,553 autoreload 8796 19480 Watching for file changes with StatReloader
WARNING 2026-07-08 22:36:17,636 log 8796 22896 Not Found: /
WARNING 2026-07-08 22:36:17,637 log 8796 22896 "GET / HTTP/1.1" 404 179
WARNING 2026-07-08 22:36:17,811 log 8796 22896 Not Found: /favicon.ico
WARNING 2026-07-08 22:36:17,812 log 8796 22896 "GET /favicon.ico HTTP/1.1" 404 179
INFO 2026-07-08 22:36:26,715 log 8796 22896 "GET /admin/ HTTP/1.1" 200 6511
WARNING 2026-07-08 22:36:26,781 log 8796 22896 Not Found: /static/admin/css/base.css
WARNING 2026-07-08 22:36:26,782 log 8796 22896 "GET /static/admin/css/base.css HTTP/1.1" 404 179
WARNING 2026-07-08 22:36:26,783 log 8796 1592 Not Found: /static/admin/css/dark_mode.css
WARNING 2026-07-08 22:36:26,785 log 8796 1708 Not Found: /static/admin/js/theme.js
WARNING 2026-07-08 22:36:26,786 log 8796 1592 "GET /static/admin/css/dark_mode.css HTTP/1.1" 404 179
WARNING 2026-07-08 22:36:26,788 log 8796 1512 Not Found: /static/admin/css/nav_sidebar.css
WARNING 2026-07-08 22:36:26,789 log 8796 1708 "GET /static/admin/js/theme.js HTTP/1.1" 404 179
WARNING 2026-07-08 22:36:26,793 log 8796 1512 "GET /static/admin/css/nav_sidebar.css HTTP/1.1" 404 179
WARNING 2026-07-08 22:36:26,791 log 8796 2104 Not Found: /static/admin/css/dashboard.css
WARNING 2026-07-08 22:36:26,796 log 8796 12028 Not Found: /static/admin/css/responsive.css
WARNING 2026-07-08 22:36:26,797 log 8796 2104 "GET /static/admin/css/dashboard.css HTTP/1.1" 404 179
WARNING 2026-07-08 22:36:26,797 log 8796 12028 "GET /static/admin/css/responsive.css HTTP/1.1" 404 179
WARNING 2026-07-08 22:36:26,810 log 8796 12028 Not Found: /static/admin/js/nav_sidebar.js
WARNING 2026-07-08 22:36:26,812 log 8796 12028 "GET /static/admin/js/nav_sidebar.js HTTP/1.1" 404 179
INFO 2026-07-08 22:36:34,814 log 8796 12028 "GET /admin/users/user/ HTTP/1.1" 200 13350
WARNING 2026-07-08 22:36:34,864 log 8796 12028 Not Found: /static/admin/css/base.css
WARNING 2026-07-08 22:36:34,865 log 8796 2104 Not Found: /static/admin/css/dark_mode.css
WARNING 2026-07-08 22:36:34,867 log 8796 1708 Not Found: /static/admin/css/changelists.css
WARNING 2026-07-08 22:36:34,869 log 8796 1512 Not Found: /static/admin/js/theme.js
WARNING 2026-07-08 22:36:34,869 log 8796 22896 Not Found: /static/admin/js/vendor/jquery/jquery.min.js
WARNING 2026-07-08 22:36:34,870 log 8796 12028 "GET /static/admin/css/base.css HTTP/1.1" 404 179
WARNING 2026-07-08 22:36:34,871 log 8796 2104 "GET /static/admin/css/dark_mode.css HTTP/1.1" 404 179
WARNING 2026-07-08 22:36:34,871 log 8796 1708 "GET /static/admin/css/changelists.css HTTP/1.1" 404 179
WARNING 2026-07-08 22:36:34,871 log 8796 1512 "GET /static/admin/js/theme.js HTTP/1.1" 404 179
WARNING 2026-07-08 22:36:34,872 log 8796 22896 "GET /static/admin/js/vendor/jquery/jquery.min.js HTTP/1.1" 404 179
WARNING 2026-07-08 22:36:34,875 log 8796 12028 Not Found: /static/admin/css/nav_sidebar.css
WARNING 2026-07-08 22:36:34,876 log 8796 12028 "GET /static/admin/css/nav_sidebar.css HTTP/1.1" 404 179
WARNING 2026-07-08 22:36:34,878 log 8796 2104 Not Found: /static/admin/css/responsive.css
WARNING 2026-07-08 22:36:34,879 log 8796 1708 Not Found: /static/admin/js/jquery.init.js
WARNING 2026-07-08 22:36:34,880 log 8796 1512 Not Found: /static/admin/js/core.js
WARNING 2026-07-08 22:36:34,882 log 8796 22896 Not Found: /static/admin/js/admin/RelatedObjectLookups.js
WARNING 2026-07-08 22:36:34,883 log 8796 12028 Not Found: /static/admin/js/actions.js
WARNING 2026-07-08 22:36:34,884 log 8796 2104 "GET /static/admin/css/responsive.css HTTP/1.1" 404 179
WARNING 2026-07-08 22:36:34,885 log 8796 1708 "GET /static/admin/js/jquery.init.js HTTP/1.1" 404 179
WARNING 2026-07-08 22:36:34,885 log 8796 1512 "GET /static/admin/js/core.js HTTP/1.1" 404 179
WARNING 2026-07-08 22:36:34,886 log 8796 22896 "GET /static/admin/js/admin/RelatedObjectLookups.js HTTP/1.1" 404 179
WARNING 2026-07-08 22:36:34,886 log 8796 12028 "GET /static/admin/js/actions.js HTTP/1.1" 404 179
WARNING 2026-07-08 22:36:34,889 log 8796 2104 Not Found: /static/admin/css/changelists.css
WARNING 2026-07-08 22:36:34,892 log 8796 1708 Not Found: /static/admin/js/urlify.js
WARNING 2026-07-08 22:36:34,893 log 8796 1512 Not Found: /static/admin/js/prepopulate.js
WARNING 2026-07-08 22:36:34,895 log 8796 22896 Not Found: /static/admin/js/vendor/xregexp/xregexp.min.js
WARNING 2026-07-08 22:36:34,896 log 8796 2104 "GET /static/admin/css/changelists.css HTTP/1.1" 404 179
WARNING 2026-07-08 22:36:34,896 log 8796 1708 "GET /static/admin/js/urlify.js HTTP/1.1" 404 179
WARNING 2026-07-08 22:36:34,897 log 8796 1512 "GET /static/admin/js/prepopulate.js HTTP/1.1" 404 179
WARNING 2026-07-08 22:36:34,897 log 8796 22896 "GET /static/admin/js/vendor/xregexp/xregexp.min.js HTTP/1.1" 404 179
WARNING 2026-07-08 22:36:34,903 log 8796 22896 Not Found: /static/admin/img/search.svg
WARNING 2026-07-08 22:36:34,904 log 8796 1512 Not Found: /static/admin/img/icon-yes.svg
WARNING 2026-07-08 22:36:34,905 log 8796 22896 "GET /static/admin/img/search.svg HTTP/1.1" 404 179
WARNING 2026-07-08 22:36:34,905 log 8796 1512 "GET /static/admin/img/icon-yes.svg HTTP/1.1" 404 179
WARNING 2026-07-08 22:36:34,913 log 8796 1512 Not Found: /static/admin/js/nav_sidebar.js
WARNING 2026-07-08 22:36:34,913 log 8796 1512 "GET /static/admin/js/nav_sidebar.js HTTP/1.1" 404 179
WARNING 2026-07-08 22:36:34,919 log 8796 1512 Not Found: /static/admin/js/filters.js
WARNING 2026-07-08 22:36:34,919 log 8796 1512 "GET /static/admin/js/filters.js HTTP/1.1" 404 179
INFO 2026-07-08 22:36:34,973 log 8796 1592 "GET /admin/jsi18n/ HTTP/1.1" 200 3342
WARNING 2026-07-08 22:36:34,981 log 8796 1592 Not Found: /static/admin/css/responsive.css
WARNING 2026-07-08 22:36:34,983 log 8796 1512 Not Found: /static/admin/img/icon-yes.svg
WARNING 2026-07-08 22:36:34,984 log 8796 1592 "GET /static/admin/css/responsive.css HTTP/1.1" 404 179
WARNING 2026-07-08 22:36:34,985 log 8796 1512 "GET /static/admin/img/icon-yes.svg HTTP/1.1" 404 179
WARNING 2026-07-08 22:37:34,954 log 8796 1512 Not Found: /static/admin/css/base.css
WARNING 2026-07-08 22:37:34,955 log 8796 1512 "GET /static/admin/css/base.css HTTP/1.1" 404 179
INFO 2026-07-08 22:44:24,955 autoreload 1980 18484 Watching for file changes with StatReloader
WARNING 2026-07-08 22:44:29,504 log 1980 15800 Not Found: /
WARNING 2026-07-08 22:44:29,505 log 1980 15800 "GET / HTTP/1.1" 404 179
WARNING 2026-07-08 22:44:35,606 log 1980 15800 Not Found: /static/admin/css/base.css
WARNING 2026-07-08 22:44:35,607 log 1980 15800 "GET /static/admin/css/base.css HTTP/1.1" 404 179
INFO 2026-07-08 22:47:49,089 autoreload 1980 18484 D:\LJ_Sem4\Project\core\settings.py changed, reloading.
INFO 2026-07-08 22:47:50,336 autoreload 10128 9052 Watching for file changes with StatReloader
INFO 2026-07-08 22:48:03,159 log 10128 23140 "GET /static/admin/css/base.css HTTP/1.1" 200 23100
INFO 2026-07-08 22:48:14,393 log 10128 23140 "GET /admin/ HTTP/1.1" 200 6511
INFO 2026-07-08 22:48:14,451 log 10128 23140 "GET /static/admin/css/dark_mode.css HTTP/1.1" 200 3538
INFO 2026-07-08 22:48:14,453 log 10128 16472 "GET /static/admin/css/dashboard.css HTTP/1.1" 200 441
INFO 2026-07-08 22:48:14,454 log 10128 11368 "GET /static/admin/css/nav_sidebar.css HTTP/1.1" 200 2810
INFO 2026-07-08 22:48:14,455 log 10128 22580 "GET /static/admin/css/responsive.css HTTP/1.1" 200 16194
INFO 2026-07-08 22:48:14,466 log 10128 22376 "GET /static/admin/js/theme.js HTTP/1.1" 200 1653
INFO 2026-07-08 22:48:14,489 log 10128 22580 "GET /static/admin/js/nav_sidebar.js HTTP/1.1" 200 3063
INFO 2026-07-08 22:48:14,493 log 10128 22376 "GET /static/admin/img/icon-addlink.svg HTTP/1.1" 200 593
INFO 2026-07-08 22:48:14,493 log 10128 11368 "GET /static/admin/img/icon-changelink.svg HTTP/1.1" 200 978
INFO 2026-07-08 22:48:20,941 log 10128 11368 "GET /admin/users/user/ HTTP/1.1" 200 13342
INFO 2026-07-08 22:48:21,031 log 10128 11368 "GET /static/admin/css/changelists.css HTTP/1.1" 200 7501
INFO 2026-07-08 22:48:21,038 log 10128 16472 "GET /static/admin/js/jquery.init.js HTTP/1.1" 200 347
INFO 2026-07-08 22:48:21,060 log 10128 23140 "GET /static/admin/js/core.js HTTP/1.1" 200 6208
INFO 2026-07-08 22:48:21,102 log 10128 16872 "GET /static/admin/js/admin/RelatedObjectLookups.js HTTP/1.1" 200 9777
INFO 2026-07-08 22:48:21,104 log 10128 11368 "GET /static/admin/js/actions.js HTTP/1.1" 200 8076
INFO 2026-07-08 22:48:21,133 log 10128 22376 "GET /admin/jsi18n/ HTTP/1.1" 200 3342
INFO 2026-07-08 22:48:21,143 log 10128 22580 "GET /static/admin/js/vendor/jquery/jquery.js HTTP/1.1" 200 285314
INFO 2026-07-08 22:48:21,147 log 10128 16872 "GET /static/admin/js/prepopulate.js HTTP/1.1" 200 1531
INFO 2026-07-08 22:48:21,157 log 10128 23140 "GET /static/admin/js/urlify.js HTTP/1.1" 200 7887
INFO 2026-07-08 22:48:21,175 log 10128 22580 "GET /static/admin/img/icon-yes.svg HTTP/1.1" 200 558
INFO 2026-07-08 22:48:21,188 log 10128 16872 "GET /static/admin/img/search.svg HTTP/1.1" 200 607
INFO 2026-07-08 22:48:21,210 log 10128 16472 "GET /static/admin/js/vendor/xregexp/xregexp.js HTTP/1.1" 200 325171
INFO 2026-07-08 22:48:21,225 log 10128 16872 "GET /static/admin/js/filters.js HTTP/1.1" 200 978
INFO 2026-07-08 22:48:21,255 log 10128 16472 "GET /static/admin/img/icon-viewlink.svg HTTP/1.1" 200 928
INFO 2026-07-08 22:48:21,258 log 10128 16872 "GET /static/admin/img/tooltag-add.svg HTTP/1.1" 200 593
INFO 2026-07-08 22:48:29,404 log 10128 16872 "GET /admin/users/user/add/ HTTP/1.1" 200 11542
INFO 2026-07-08 22:48:29,470 log 10128 16472 "GET /static/admin/css/unusable_password_field.css HTTP/1.1" 200 663
INFO 2026-07-08 22:48:29,471 log 10128 16872 "GET /static/admin/css/forms.css HTTP/1.1" 200 8844
INFO 2026-07-08 22:48:29,480 log 10128 22580 "GET /static/admin/js/prepopulate_init.js HTTP/1.1" 200 586
INFO 2026-07-08 22:48:29,493 log 10128 16872 "GET /static/admin/css/widgets.css HTTP/1.1" 200 11811
INFO 2026-07-08 22:48:29,521 log 10128 16872 "GET /static/admin/js/change_form.js HTTP/1.1" 200 606
INFO 2026-07-08 22:48:29,524 log 10128 23140 "GET /admin/jsi18n/ HTTP/1.1" 200 3342
INFO 2026-07-08 22:49:20,348 log 10128 23140 "POST /admin/users/user/add/ HTTP/1.1" 200 11683
INFO 2026-07-08 22:49:20,481 log 10128 23140 "GET /admin/jsi18n/ HTTP/1.1" 200 3342
INFO 2026-07-08 22:49:29,695 log 10128 23140 "POST /admin/users/user/add/ HTTP/1.1" 200 11695
INFO 2026-07-08 22:49:29,793 log 10128 23140 "GET /admin/jsi18n/ HTTP/1.1" 200 3342
INFO 2026-07-08 22:49:41,764 log 10128 23140 "POST /admin/users/user/add/ HTTP/1.1" 200 11695
INFO 2026-07-08 22:49:41,861 log 10128 23140 "GET /admin/jsi18n/ HTTP/1.1" 200 3342
INFO 2026-07-08 22:49:52,089 log 10128 23140 "POST /admin/users/user/add/ HTTP/1.1" 200 11695
INFO 2026-07-08 22:49:52,198 log 10128 23140 "GET /admin/jsi18n/ HTTP/1.1" 200 3342
INFO 2026-07-08 22:50:06,206 log 10128 23140 "POST /admin/users/user/add/ HTTP/1.1" 200 11697
INFO 2026-07-08 22:50:06,303 log 10128 23140 "GET /admin/jsi18n/ HTTP/1.1" 200 3342
INFO 2026-07-08 22:51:37,899 log 10128 23140 "POST /admin/users/user/add/ HTTP/1.1" 200 11699
INFO 2026-07-08 22:51:38,000 log 10128 23140 "GET /admin/jsi18n/ HTTP/1.1" 200 3342
INFO 2026-07-08 22:51:39,839 log 10128 23140 "POST /admin/users/user/add/ HTTP/1.1" 200 11699
INFO 2026-07-08 22:51:39,941 log 10128 23140 "GET /admin/jsi18n/ HTTP/1.1" 200 3342
INFO 2026-07-08 22:51:56,788 log 10128 23140 "POST /admin/users/user/add/ HTTP/1.1" 200 11697
INFO 2026-07-08 22:51:56,887 log 10128 23140 "GET /admin/jsi18n/ HTTP/1.1" 200 3342
INFO 2026-07-08 22:54:39,820 autoreload 12440 14532 Watching for file changes with StatReloader
WARNING 2026-07-08 22:54:42,241 log 12440 12388 Not Found: /
WARNING 2026-07-08 22:54:42,243 log 12440 12388 "GET / HTTP/1.1" 404 2818
WARNING 2026-07-08 22:54:42,438 log 12440 12388 Not Found: /favicon.ico
WARNING 2026-07-08 22:54:42,440 log 12440 12388 "GET /favicon.ico HTTP/1.1" 404 2869
INFO 2026-07-08 22:55:42,200 log 12440 12388 "GET /admin/ HTTP/1.1" 200 6511
INFO 2026-07-08 22:55:56,520 log 12440 12388 "GET /admin/users/user/ HTTP/1.1" 200 13342
INFO 2026-07-08 22:55:56,648 log 12440 12388 "GET /admin/jsi18n/ HTTP/1.1" 200 3342
INFO 2026-07-08 22:56:40,999 log 12440 12388 "GET /admin/users/user/0fa6409a-e607-43de-8e21-86c3e4f9bf5d/change/ HTTP/1.1" 200 24480
INFO 2026-07-08 22:56:41,113 log 12440 12388 "GET /admin/jsi18n/ HTTP/1.1" 200 3342
INFO 2026-07-08 22:56:41,149 log 12440 4492 "GET /static/admin/js/SelectFilter2.js HTTP/1.1" 200 16428
INFO 2026-07-08 22:56:41,168 log 12440 6088 "GET /static/admin/js/SelectBox.js HTTP/1.1" 200 4530
INFO 2026-07-08 22:56:41,237 log 12440 6088 "GET /static/admin/img/selector-icons.svg HTTP/1.1" 200 2387
INFO 2026-07-08 22:56:58,169 log 12440 6088 "GET /admin/users/user/ HTTP/1.1" 200 13342
INFO 2026-07-08 22:56:58,268 log 12440 6088 "GET /admin/jsi18n/ HTTP/1.1" 200 3342
INFO 2026-07-08 22:57:01,709 log 12440 6088 "GET /admin/users/user/add/ HTTP/1.1" 200 11542
INFO 2026-07-08 22:57:01,811 log 12440 6088 "GET /admin/jsi18n/ HTTP/1.1" 200 3342
INFO 2026-07-08 22:58:32,417 log 12440 6088 "POST /admin/users/user/add/ HTTP/1.1" 200 11689
INFO 2026-07-08 22:58:32,513 log 12440 6088 "GET /admin/jsi18n/ HTTP/1.1" 200 3342
INFO 2026-07-08 23:07:06,934 autoreload 12440 14532 D:\LJ_Sem4\Project\apps\users\admin.py changed, reloading.
INFO 2026-07-08 23:07:08,246 autoreload 3256 23004 Watching for file changes with StatReloader
WARNING 2026-07-08 23:08:38,956 log 19500 6780 Bad Request: /api/v1/users/auth/register/
WARNING 2026-07-08 23:08:39,648 log 19500 6780 Conflict: /api/v1/users/auth/register/
WARNING 2026-07-08 23:08:42,359 log 19500 6780 Unauthorized: /api/v1/users/auth/login/
WARNING 2026-07-08 23:08:44,419 log 19500 6780 Unauthorized: /api/v1/users/profile/
INFO 2026-07-08 23:09:30,334 log 3256 5012 "POST /admin/users/user/add/ HTTP/1.1" 200 13334
INFO 2026-07-08 23:09:30,441 log 3256 5012 "GET /admin/jsi18n/ HTTP/1.1" 200 3342
INFO 2026-07-08 23:10:47,882 log 3256 5012 "POST /admin/users/user/add/ HTTP/1.1" 200 13220
INFO 2026-07-08 23:10:47,967 log 3256 5012 "GET /admin/jsi18n/ HTTP/1.1" 200 3342
INFO 2026-07-08 23:11:17,424 log 3256 5012 "POST /admin/users/user/add/ HTTP/1.1" 302 0
INFO 2026-07-08 23:11:17,567 log 3256 5012 "GET /admin/users/user/d8e5c696-599d-44f9-81a9-f41eb758f5f8/change/ HTTP/1.1" 200 24698
INFO 2026-07-08 23:11:17,672 log 3256 5012 "GET /admin/jsi18n/ HTTP/1.1" 200 3342
INFO 2026-07-08 23:11:17,782 log 3256 5012 "GET /static/admin/img/icon-yes-dark.svg HTTP/1.1" 200 558
INFO 2026-07-08 23:11:29,417 log 3256 5012 "GET /admin/users/user/d8e5c696-599d-44f9-81a9-f41eb758f5f8/password/ HTTP/1.1" 200 9273
INFO 2026-07-08 23:11:29,480 log 3256 5012 "GET /static/admin/img/icon-alert-dark.svg HTTP/1.1" 200 684
INFO 2026-07-08 23:11:59,736 log 3256 5012 "POST /admin/users/user/d8e5c696-599d-44f9-81a9-f41eb758f5f8/password/ HTTP/1.1" 200 9517
INFO 2026-07-08 23:12:16,925 log 3256 5012 "POST /admin/users/user/d8e5c696-599d-44f9-81a9-f41eb758f5f8/password/ HTTP/1.1" 200 9554
INFO 2026-07-08 23:12:54,199 log 3256 5012 "POST /admin/users/user/d8e5c696-599d-44f9-81a9-f41eb758f5f8/password/ HTTP/1.1" 302 0
INFO 2026-07-08 23:12:54,318 log 3256 5012 "GET /admin/users/user/d8e5c696-599d-44f9-81a9-f41eb758f5f8/change/ HTTP/1.1" 200 24570
INFO 2026-07-08 23:12:54,429 log 3256 5012 "GET /admin/jsi18n/ HTTP/1.1" 200 3342
INFO 2026-07-08 23:12:59,056 log 3256 5012 "GET /admin/users/user/ HTTP/1.1" 200 14057
INFO 2026-07-08 23:12:59,123 log 3256 3812 "GET /static/admin/img/icon-no.svg HTTP/1.1" 200 645
INFO 2026-07-08 23:12:59,155 log 3256 5012 "GET /admin/jsi18n/ HTTP/1.1" 200 3342
INFO 2026-07-08 23:18:22,421 autoreload 3256 23004 D:\LJ_Sem4\Project\core\settings.py changed, reloading.
INFO 2026-07-08 23:18:23,707 autoreload 9948 23088 Watching for file changes with StatReloader
INFO 2026-07-08 23:18:42,709 autoreload 9948 23088 D:\LJ_Sem4\Project\apps\users\services.py changed, reloading.
INFO 2026-07-08 23:18:43,961 autoreload 10048 22648 Watching for file changes with StatReloader
INFO 2026-07-08 23:18:47,847 autoreload 10048 22648 D:\LJ_Sem4\Project\apps\users\repositories.py changed, reloading.
INFO 2026-07-08 23:18:49,134 autoreload 15492 23412 Watching for file changes with StatReloader
INFO 2026-07-08 23:18:57,234 autoreload 15492 23412 D:\LJ_Sem4\Project\apps\users\views.py changed, reloading.
INFO 2026-07-08 23:18:58,575 autoreload 8052 3892 Watching for file changes with StatReloader
WARNING 2026-07-08 23:19:27,166 log 2416 14592 Bad Request: /api/v1/users/auth/register/
WARNING 2026-07-08 23:19:27,775 log 2416 14592 Conflict: /api/v1/users/auth/register/
WARNING 2026-07-08 23:19:30,220 log 2416 14592 Unauthorized: /api/v1/users/auth/login/
WARNING 2026-07-08 23:19:32,067 log 2416 14592 Unauthorized: /api/v1/users/profile/
WARNING 2026-07-08 23:19:32,701 log 2416 14592 Not Found: /api/v1/users/auth/verify-email/
INFO 2026-07-08 23:19:43,121 autoreload 8052 3892 D:\LJ_Sem4\Project\apps\users\services.py changed, reloading.
INFO 2026-07-08 23:19:44,537 autoreload 8700 3108 Watching for file changes with StatReloader
WARNING 2026-07-08 23:19:54,806 log 14980 19132 Bad Request: /api/v1/users/auth/register/
WARNING 2026-07-08 23:19:55,439 log 14980 19132 Conflict: /api/v1/users/auth/register/
WARNING 2026-07-08 23:19:58,011 log 14980 19132 Unauthorized: /api/v1/users/auth/login/
WARNING 2026-07-08 23:19:59,895 log 14980 19132 Unauthorized: /api/v1/users/profile/
WARNING 2026-07-08 23:21:22,849 log 8700 22732 Not Found: /api/v1/auth/register/
WARNING 2026-07-08 23:21:22,849 log 8700 22732 "GET /api/v1/auth/register/ HTTP/1.1" 404 2899
WARNING 2026-07-08 23:21:43,895 log 8700 22732 Not Found: /POST /api/v1/auth/register/
WARNING 2026-07-08 23:21:43,896 log 8700 22732 "GET /POST%20/api/v1/auth/register/ HTTP/1.1" 404 2919
WARNING 2026-07-08 23:21:52,891 log 8700 22732 Not Found: /POST/api/v1/auth/register/
WARNING 2026-07-08 23:21:52,892 log 8700 22732 "GET /POST/api/v1/auth/register/ HTTP/1.1" 404 2914
WARNING 2026-07-08 23:22:21,478 log 8700 22732 Not Found: /api/v1/auth/register/
WARNING 2026-07-08 23:22:21,479 log 8700 22732 "GET /api/v1/auth/register/ HTTP/1.1" 404 2899
INFO 2026-07-08 23:22:42,818 autoreload 12164 15900 Watching for file changes with StatReloader
WARNING 2026-07-08 23:22:45,027 log 12164 7252 Not Found: /
WARNING 2026-07-08 23:22:45,028 log 12164 7252 "GET / HTTP/1.1" 404 2818
INFO 2026-07-08 23:22:52,931 log 12164 7252 "GET /admin/ HTTP/1.1" 200 9125
INFO 2026-07-08 23:23:00,614 log 12164 7252 "GET /admin/token_blacklist/outstandingtoken/ HTTP/1.1" 200 11406
INFO 2026-07-08 23:23:00,772 log 12164 7252 "GET /static/admin/img/sorting-icons.svg HTTP/1.1" 200 1761
INFO 2026-07-08 23:23:08,923 log 12164 7252 "GET /admin/token_blacklist/blacklistedtoken/ HTTP/1.1" 200 13071
INFO 2026-07-08 23:23:09,038 log 12164 7252 "GET /admin/jsi18n/ HTTP/1.1" 200 3342
INFO 2026-07-08 23:23:11,287 log 12164 7252 "GET /admin/users/user/ HTTP/1.1" 200 15453
INFO 2026-07-08 23:23:11,387 log 12164 7252 "GET /admin/jsi18n/ HTTP/1.1" 200 3342
WARNING 2026-07-08 23:23:29,659 log 12164 7252 Not Found: /api/users
WARNING 2026-07-08 23:23:29,660 log 12164 7252 "GET /api/users HTTP/1.1" 404 2863
INFO 2026-07-08 23:25:52,259 autoreload 12164 15900 D:\LJ_Sem4\Project\core\settings.py changed, reloading.
INFO 2026-07-08 23:25:53,505 autoreload 19844 18748 Watching for file changes with StatReloader
INFO 2026-07-08 23:26:07,049 autoreload 19844 18748 D:\LJ_Sem4\Project\apps\users\services.py changed, reloading.
INFO 2026-07-08 23:26:08,208 autoreload 13776 8704 Watching for file changes with StatReloader
INFO 2026-07-08 23:26:12,085 autoreload 13776 8704 D:\LJ_Sem4\Project\apps\users\repositories.py changed, reloading.
INFO 2026-07-08 23:26:13,275 autoreload 21892 6888 Watching for file changes with StatReloader
INFO 2026-07-08 23:26:18,252 autoreload 21892 6888 D:\LJ_Sem4\Project\apps\users\views.py changed, reloading.
INFO 2026-07-08 23:26:19,424 autoreload 17980 17172 Watching for file changes with StatReloader
WARNING 2026-07-08 23:26:28,879 log 5164 16596 Bad Request: /api/v1/users/auth/register/
WARNING 2026-07-08 23:26:29,504 log 5164 16596 Conflict: /api/v1/users/auth/register/
WARNING 2026-07-08 23:26:31,944 log 5164 16596 Unauthorized: /api/v1/users/auth/login/
WARNING 2026-07-08 23:26:33,807 log 5164 16596 Unauthorized: /api/v1/users/profile/
WARNING 2026-07-08 23:27:16,324 log 17980 21952 Not Found: /api/users
WARNING 2026-07-08 23:27:16,324 log 17980 21952 "GET /api/users HTTP/1.1" 404 2863
INFO 2026-07-08 23:27:26,386 log 17980 21952 "GET /admin/ HTTP/1.1" 200 7311
INFO 2026-07-08 23:27:28,692 log 17980 21952 "GET /admin/users/user/ HTTP/1.1" 200 14057
INFO 2026-07-08 23:27:28,795 log 17980 21952 "GET /admin/jsi18n/ HTTP/1.1" 200 3342
INFO 2026-07-08 23:28:27,266 autoreload 10692 18716 Watching for file changes with StatReloader
WARNING 2026-07-08 23:28:30,565 log 10692 18952 Not Found: /
WARNING 2026-07-08 23:28:30,566 log 10692 18952 "GET / HTTP/1.1" 404 2818
INFO 2026-07-08 23:29:30,044 log 10692 18952 "GET /api/docs/ HTTP/1.1" 200 4652
INFO 2026-07-08 23:29:30,211 log 10692 18952 "GET /api/schema/ HTTP/1.1" 200 32507
WARNING 2026-07-08 23:29:58,740 log 10692 18952 Method Not Allowed: /api/v1/users/auth/register/
WARNING 2026-07-08 23:29:58,741 log 10692 18952 "GET /api/v1/users/auth/register/ HTTP/1.1" 405 135
WARNING 2026-07-08 23:30:53,856 log 10692 18952 Method Not Allowed: /api/v1/users/auth/register/
WARNING 2026-07-08 23:30:53,857 log 10692 18952 "GET /api/v1/users/auth/register/ HTTP/1.1" 405 135
INFO 2026-07-08 23:32:19,194 log 10692 18952 "GET /api/docs/ HTTP/1.1" 200 4652
INFO 2026-07-08 23:32:19,333 log 10692 18952 "GET /api/schema/ HTTP/1.1" 200 32507
INFO 2026-07-08 23:33:09,069 log 10692 18952 "POST /api/v1/users/auth/register/ HTTP/1.1" 201 336
WARNING 2026-07-08 23:33:36,724 log 10692 18952 Method Not Allowed: /api/v1/users/auth/register/
WARNING 2026-07-08 23:33:36,726 log 10692 18952 "GET /api/v1/users/auth/register/ HTTP/1.1" 405 135
INFO 2026-07-08 23:34:22,109 log 10692 18952 "GET /admin/ HTTP/1.1" 200 7311
INFO 2026-07-08 23:34:25,440 log 10692 18952 "GET /admin/users/user/add/ HTTP/1.1" 200 12945
INFO 2026-07-08 23:34:25,551 log 10692 18952 "GET /admin/jsi18n/ HTTP/1.1" 200 3342
INFO 2026-07-08 23:35:16,007 log 10692 18952 "GET /admin/users/user/ HTTP/1.1" 200 14787
INFO 2026-07-08 23:35:16,201 log 10692 18952 "GET /admin/jsi18n/ HTTP/1.1" 200 3342
INFO 2026-07-09 20:39:54,248 autoreload 14888 23508 Watching for file changes with StatReloader
WARNING 2026-07-09 20:39:59,288 log 14888 15252 Not Found: /
WARNING 2026-07-09 20:39:59,291 log 14888 15252 "GET / HTTP/1.1" 404 2818
WARNING 2026-07-09 20:40:00,017 log 14888 15252 Not Found: /favicon.ico
WARNING 2026-07-09 20:40:00,019 log 14888 15252 "GET /favicon.ico HTTP/1.1" 404 2869
INFO 2026-07-09 20:40:04,687 log 14888 15252 "GET /admin/ HTTP/1.1" 200 7311
INFO 2026-07-09 20:40:07,707 log 14888 15252 "GET /admin/users/user/ HTTP/1.1" 200 14787
INFO 2026-07-09 20:40:07,914 log 14888 15252 "GET /admin/jsi18n/ HTTP/1.1" 200 3342
INFO 2026-07-09 20:40:20,206 log 14888 15252 "GET /admin/users/user/?q=xyz HTTP/1.1" 200 14449
INFO 2026-07-09 20:40:20,354 log 14888 15252 "GET /admin/jsi18n/ HTTP/1.1" 200 3342
INFO 2026-07-09 20:40:27,619 log 14888 15252 "GET /admin/users/user/?q=xyz&role__exact=NGO HTTP/1.1" 200 11860
INFO 2026-07-09 20:40:27,867 log 14888 15252 "GET /admin/jsi18n/ HTTP/1.1" 200 3342
INFO 2026-07-09 20:40:32,485 log 14888 15252 "GET /admin/users/user/?q=xyz&role__exact=CUSTOMER HTTP/1.1" 200 14409
INFO 2026-07-09 20:40:32,729 log 14888 15252 "GET /admin/jsi18n/ HTTP/1.1" 200 3342
INFO 2026-07-09 20:40:37,238 log 14888 15252 "GET /admin/users/user/?q=xyz&role__exact=ADMIN HTTP/1.1" 200 14337
INFO 2026-07-09 20:40:37,365 log 14888 15252 "GET /admin/jsi18n/ HTTP/1.1" 200 3342
INFO 2026-07-09 20:40:41,691 log 14888 15252 "GET /admin/users/user/?q=xyz HTTP/1.1" 200 14449
INFO 2026-07-09 20:40:41,824 log 14888 15252 "GET /admin/jsi18n/ HTTP/1.1" 200 3342
INFO 2026-07-09 20:40:59,884 log 14888 15252 "GET /api/docs HTTP/1.1" 301 0
INFO 2026-07-09 20:41:00,022 log 14888 15252 "GET /api/docs/ HTTP/1.1" 200 4652
INFO 2026-07-09 20:41:00,312 log 14888 15252 "GET /api/schema/ HTTP/1.1" 200 32507
WARNING 2026-07-09 21:08:29,256 log 14888 11904 Not Found: /
WARNING 2026-07-09 21:08:29,258 log 14888 11904 "GET / HTTP/1.1" 404 2818
INFO 2026-07-09 21:08:54,488 autoreload 14888 23508 D:\LJ_Sem4\backend\core\settings.py changed, reloading.
INFO 2026-07-09 21:08:56,411 autoreload 19552 14952 Watching for file changes with StatReloader
INFO 2026-07-09 21:09:01,895 autoreload 19552 14952 D:\LJ_Sem4\backend\core\settings.py changed, reloading.
INFO 2026-07-09 21:10:48,911 autoreload 16968 2820 Watching for file changes with StatReloader
WARNING 2026-07-09 21:10:56,974 log 16968 12656 Not Found: /
WARNING 2026-07-09 21:10:56,975 log 16968 12656 "GET / HTTP/1.1" 404 2818
INFO 2026-07-09 21:11:24,294 log 16968 12656 "GET /admin/ HTTP/1.1" 200 7311
INFO 2026-07-09 21:15:07,476 autoreload 19576 11580 Watching for file changes with StatReloader
WARNING 2026-07-09 21:15:11,258 log 19576 6932 Not Found: /
WARNING 2026-07-09 21:15:11,260 log 19576 6932 "GET / HTTP/1.1" 404 2818
INFO 2026-07-09 21:15:22,561 log 19576 6932 "GET /admin/ HTTP/1.1" 200 10272
INFO 2026-07-09 21:26:52,917 log 19576 19648 "GET /admin/business/address/ HTTP/1.1" 200 12021
INFO 2026-07-09 21:26:53,086 log 19576 19648 "GET /admin/jsi18n/ HTTP/1.1" 200 3342
INFO 2026-07-09 21:26:56,598 log 19576 19648 "GET /admin/business/address/add/ HTTP/1.1" 200 21009
INFO 2026-07-09 21:26:56,750 log 19576 19648 "GET /admin/jsi18n/ HTTP/1.1" 200 3342
INFO 2026-07-09 21:27:05,978 log 19576 19648 "GET /admin/business/business/add/?_to_field=id&_popup=1 HTTP/1.1" 200 23354
INFO 2026-07-09 21:27:06,135 log 19576 19648 "GET /admin/jsi18n/ HTTP/1.1" 200 3342
INFO 2026-07-09 21:27:06,340 log 19576 23128 "GET /static/admin/js/calendar.js HTTP/1.1" 200 9159
INFO 2026-07-09 21:27:06,347 log 19576 11980 "GET /static/admin/js/admin/DateTimeShortcuts.js HTTP/1.1" 200 19698
INFO 2026-07-09 21:27:06,416 log 19576 11980 "GET /static/admin/img/icon-calendar.svg HTTP/1.1" 200 1112
INFO 2026-07-09 21:27:06,417 log 19576 23128 "GET /static/admin/img/icon-clock.svg HTTP/1.1" 200 805
INFO 2026-07-09 21:27:21,757 log 19576 23128 "GET /admin/business/branch/add/ HTTP/1.1" 200 23693
INFO 2026-07-09 21:27:21,854 log 19576 11980 "GET /static/admin/img/icon-deletelink.svg HTTP/1.1" 200 689
INFO 2026-07-09 21:27:21,921 log 19576 23128 "GET /admin/jsi18n/ HTTP/1.1" 200 3342
INFO 2026-07-09 21:27:33,851 log 19576 23128 "GET /admin/business/address/add/?_to_field=id&_popup=1 HTTP/1.1" 200 14490
INFO 2026-07-09 21:27:33,989 log 19576 23128 "GET /admin/jsi18n/ HTTP/1.1" 200 3342
INFO 2026-07-09 21:27:37,972 log 19576 23128 "GET /admin/users/user/add/?_to_field=id&_popup=1 HTTP/1.1" 200 8584
INFO 2026-07-09 21:27:38,099 log 19576 23128 "GET /admin/jsi18n/ HTTP/1.1" 200 3342
INFO 2026-07-09 21:28:17,444 log 19576 23128 "GET /admin/business/business/add/ HTTP/1.1" 200 29876
INFO 2026-07-09 21:28:17,589 log 19576 23128 "GET /admin/jsi18n/ HTTP/1.1" 200 3342
INFO 2026-07-09 21:28:20,308 log 19576 23128 "GET /admin/business/operatinghours/add/ HTTP/1.1" 200 16876
INFO 2026-07-09 21:28:20,472 log 19576 23128 "GET /admin/jsi18n/ HTTP/1.1" 200 3342
INFO 2026-07-09 21:29:21,245 autoreload 19576 11580 D:\LJ_Sem4\backend\core\urls.py changed, reloading.
INFO 2026-07-09 21:29:23,035 autoreload 18700 11584 Watching for file changes with StatReloader
INFO 2026-07-09 21:31:57,953 autoreload 23120 11532 Watching for file changes with StatReloader
WARNING 2026-07-09 21:32:01,643 log 23120 13700 Not Found: /
WARNING 2026-07-09 21:32:01,645 log 23120 13700 "GET / HTTP/1.1" 404 2977
INFO 2026-07-09 21:32:07,735 log 23120 13700 "GET /admin/ HTTP/1.1" 200 10272
INFO 2026-07-09 21:32:12,912 log 23120 13700 "GET /admin/business/address/ HTTP/1.1" 200 12021
INFO 2026-07-09 21:32:13,106 log 23120 13700 "GET /admin/jsi18n/ HTTP/1.1" 200 3342
INFO 2026-07-09 21:32:15,502 log 23120 13700 "GET /admin/business/address/add/ HTTP/1.1" 200 21009
INFO 2026-07-09 21:32:15,668 log 23120 13700 "GET /admin/jsi18n/ HTTP/1.1" 200 3342
INFO 2026-07-09 21:32:17,197 log 23120 13700 "GET /admin/business/branch/add/ HTTP/1.1" 200 23693
INFO 2026-07-09 21:32:17,374 log 23120 13700 "GET /admin/jsi18n/ HTTP/1.1" 200 3342
INFO 2026-07-09 21:32:18,793 log 23120 13700 "GET /admin/business/business/add/ HTTP/1.1" 200 29876
INFO 2026-07-09 21:32:18,943 log 23120 13700 "GET /admin/jsi18n/ HTTP/1.1" 200 3342
INFO 2026-07-09 21:32:20,296 log 23120 13700 "GET /admin/business/operatinghours/add/ HTTP/1.1" 200 16876
INFO 2026-07-09 21:32:20,490 log 23120 13700 "GET /admin/jsi18n/ HTTP/1.1" 200 3342
